backend/service.ts(694,100): error TS1005: ')' expected.
